// Jest Snapshot v1, https://goo.gl/fbAQLP

exports[`Renders an empty div before receiving all data 1`] = `<div />`;

exports[`Renders correctly after receiving all data 1`] = `
<MuiThemeProvider>
  <div
    className="app"
  >
    <Header
      datasetName="Test Dataset Name"
      totalCount={210}
    />
    <FacetsGrid
      facets={
        Array [
          Facet {
            "description": undefined,
            "name": "Facet 1",
            "values": Array [
              FacetValue {
                "count": 10,
                "name": "FacetValue 1",
              },
              FacetValue {
                "count": 20,
                "name": "FacetValue 2",
              },
            ],
          },
          Facet {
            "description": undefined,
            "name": "Facet 2",
            "values": Array [
              FacetValue {
                "count": 10,
                "name": "FacetValue 1",
              },
              FacetValue {
                "count": 20,
                "name": "FacetValue 2",
              },
            ],
          },
        ]
      }
      updateFacets={[Function]}
    />
  </div>
</MuiThemeProvider>
`;
