// Jest Snapshot v1, https://goo.gl/fbAQLP

exports[`Renders correctly 1`] = `
<WithStyles(Tooltip)
  title="Export to Saturn"
>
  <WithStyles(Button)
    className="exportFab"
    color="secondary"
    variant="fab"
  >
    <pure(CloudUpload) />
  </WithStyles(Button)>
</WithStyles(Tooltip)>
`;
