// Jest Snapshot v1, https://goo.gl/fbAQLP

exports[`Renders the app 1`] = `<div />`;
